2026-08-31T14:44:32+00:00 - STALL DETECTED: seconds_since_last_iteration=389.804291 exceeds 180s threshold — restarting
2026-08-31T14:44:39+00:00 - Restart complete, trading resumed
2026-08-31T14:49:02+00:00 - STALL DETECTED: seconds_since_last_iteration=238.941975 exceeds 180s threshold — restarting
2026-08-31T14:49:09+00:00 - Restart complete, trading resumed
2026-08-31T14:54:01+00:00 - STALL DETECTED: seconds_since_last_iteration=238.478885 exceeds 180s threshold — restarting
2026-08-31T14:54:08+00:00 - Restart complete, trading resumed
2026-08-31T14:59:01+00:00 - STALL DETECTED: seconds_since_last_iteration=238.80086 exceeds 180s threshold — restarting
2026-08-31T14:59:08+00:00 - Restart complete, trading resumed
2026-08-31T16:17:06+00:00 - STALL DETECTED: API unreachable while tmux session is alive — restarting
2026-08-31T16:17:56+00:00 - Restart complete, trading resumed
2026-08-31T16:25:01+00:00 - STALL DETECTED: API unreachable while tmux session is alive — restarting
2026-08-31T16:25:08+00:00 - Restart complete, trading resumed
2026-08-31T20:03:01+00:00 - STALL DETECTED: seconds_since_last_iteration=226.847802 exceeds 180s threshold — restarting
2026-08-31T20:03:08+00:00 - Restart complete, trading resumed
2026-08-31T20:06:01+00:00 - STALL DETECTED: status=trading but no iteration has ever completed, session age 178s — restarting
2026-08-31T20:06:08+00:00 - Restart complete, trading resumed
2026-08-31T20:09:01+00:00 - STALL DETECTED: status=trading but no iteration has ever completed, session age 178s — restarting
2026-08-31T20:09:09+00:00 - Restart complete, trading resumed
2026-08-31T20:12:01+00:00 - STALL DETECTED: status=trading but no iteration has ever completed, session age 178s — restarting
2026-08-31T20:12:08+00:00 - Restart complete, trading resumed
2026-08-31T20:16:01+00:00 - STALL DETECTED: status=trading but no iteration has ever completed, session age 206s — restarting
2026-08-31T20:16:08+00:00 - Restart complete, trading resumed
2026-09-01T11:55:01+00:00 - STALL DETECTED: API unreachable while tmux session is alive — restarting
2026-09-01T11:55:08+00:00 - Restart complete, trading resumed
2026-09-01T13:30:02+00:00 - STALL DETECTED: status=trading but no iteration has ever completed, session age 301s — restarting
2026-09-01T13:30:09+00:00 - Restart complete, trading resumed
2026-09-01T20:06:01+00:00 - STALL DETECTED: API unreachable while tmux session is alive — restarting
2026-09-01T20:06:09+00:00 - Restart complete, trading resumed
2026-09-02T04:22:06+00:00 - STALL DETECTED: API unreachable while tmux session is alive — restarting
2026-09-02T04:22:23+00:00 - Restart complete, trading resumed
2026-09-02T04:23:06+00:00 - STALL DETECTED (API unreachable while tmux session is alive) but within cooldown, skipping restart
2026-09-02T04:24:06+00:00 - STALL DETECTED (API unreachable while tmux session is alive) but within cooldown, skipping restart
2026-09-02T07:13:01+00:00 - STALL DETECTED: API unreachable while tmux session is alive — restarting
2026-09-02T07:13:09+00:00 - Restart complete, trading resumed
2026-09-02T07:45:06+00:00 - STALL DETECTED: API unreachable while tmux session is alive — restarting
2026-09-02T07:45:13+00:00 - Restart complete, trading resumed
2026-09-02T07:47:06+00:00 - STALL DETECTED (API unreachable while tmux session is alive) but within cooldown, skipping restart
2026-09-02T07:48:01+00:00 - STALL DETECTED (API unreachable while tmux session is alive) but within cooldown, skipping restart
2026-09-02T07:49:06+00:00 - STALL DETECTED: API unreachable while tmux session is alive — restarting
2026-09-02T07:49:13+00:00 - Restart complete, trading resumed
2026-09-02T07:54:06+00:00 - STALL DETECTED: API unreachable while tmux session is alive — restarting
2026-09-02T07:54:13+00:00 - Restart complete — trading NOT auto-resumed, needs an explicit Start
2026-09-02T07:57:06+00:00 - STALL DETECTED: API unreachable while tmux session is alive — restarting
2026-09-02T07:57:14+00:00 - Restart complete — trading NOT auto-resumed, needs an explicit Start
2026-09-02T08:25:06+00:00 - STALL DETECTED: API unreachable while tmux session is alive — restarting
2026-09-02T08:25:13+00:00 - Restart complete — trading NOT auto-resumed, needs an explicit Start
2026-09-02T08:30:06+00:00 - STALL DETECTED: API unreachable while tmux session is alive — restarting
2026-09-02T08:30:13+00:00 - Restart complete — trading NOT auto-resumed, needs an explicit Start
2026-09-02T09:05:06+00:00 - STALL DETECTED: API unreachable while tmux session is alive — restarting
2026-09-02T09:05:14+00:00 - Restart complete — trading NOT auto-resumed, needs an explicit Start
2026-09-02T09:08:06+00:00 - STALL DETECTED: API unreachable while tmux session is alive — restarting
2026-09-02T09:08:13+00:00 - Restart complete — trading NOT auto-resumed, needs an explicit Start
2026-09-02T09:09:06+00:00 - STALL DETECTED (API unreachable while tmux session is alive) but within cooldown, skipping restart
2026-09-02T09:12:06+00:00 - STALL DETECTED: API unreachable while tmux session is alive — restarting
2026-09-02T09:12:14+00:00 - Restart complete — trading NOT auto-resumed, needs an explicit Start
2026-09-02T10:08:06+00:00 - STALL DETECTED: API unreachable while tmux session is alive — restarting
2026-09-02T10:08:14+00:00 - Restart complete — trading NOT auto-resumed, needs an explicit Start
2026-09-02T10:14:06+00:00 - STALL DETECTED: API unreachable while tmux session is alive — restarting
2026-09-02T10:14:14+00:00 - Restart complete — trading NOT auto-resumed, needs an explicit Start
2026-09-02T10:16:06+00:00 - STALL DETECTED (API unreachable while tmux session is alive) but within cooldown, skipping restart
2026-09-02T10:17:06+00:00 - STALL DETECTED: API unreachable while tmux session is alive — restarting
2026-09-02T10:17:13+00:00 - Restart complete — trading NOT auto-resumed, needs an explicit Start
2026-09-02T10:22:06+00:00 - STALL DETECTED: API unreachable while tmux session is alive — restarting
2026-09-02T10:22:14+00:00 - Restart complete — trading NOT auto-resumed, needs an explicit Start
2026-09-02T10:46:06+00:00 - STALL DETECTED: API unreachable while tmux session is alive — restarting
2026-09-02T10:46:14+00:00 - Restart complete — trading NOT auto-resumed, needs an explicit Start
2026-09-02T11:03:06+00:00 - STALL DETECTED: API unreachable while tmux session is alive — restarting
2026-09-02T11:03:14+00:00 - Restart complete — trading NOT auto-resumed, needs an explicit Start
2026-09-02T13:30:02+00:00 - STALL DETECTED: status=trading but no iteration has ever completed, session age 1109s — restarting
2026-09-02T13:30:12+00:00 - Restart complete — trading NOT auto-resumed, needs an explicit Start
2026-09-02T13:33:02+00:00 - STALL DETECTED: status=trading but no iteration has ever completed, session age 178s — restarting
2026-09-02T13:33:13+00:00 - Restart complete — trading NOT auto-resumed, needs an explicit Start
2026-09-02T13:36:01+00:00 - STALL DETECTED (status=trading but no iteration has ever completed, session age 177s) but within cooldown, skipping restart
2026-09-02T13:37:02+00:00 - STALL DETECTED: status=trading but no iteration has ever completed, session age 238s — restarting
2026-09-02T13:37:10+00:00 - Restart complete — trading NOT auto-resumed, needs an explicit Start
2026-09-02T14:03:06+00:00 - STALL DETECTED: API unreachable while tmux session is alive — restarting
2026-09-02T14:03:18+00:00 - Restart complete — trading NOT auto-resumed, needs an explicit Start
2026-09-02T14:13:06+00:00 - STALL DETECTED: API unreachable while tmux session is alive — restarting
2026-09-02T14:13:17+00:00 - Restart complete — trading NOT auto-resumed, needs an explicit Start
2026-09-02T14:16:06+00:00 - STALL DETECTED: API unreachable while tmux session is alive — restarting
2026-09-02T14:16:15+00:00 - Restart complete — trading NOT auto-resumed, needs an explicit Start
2026-09-02T14:19:02+00:00 - STALL DETECTED (status=trading but no iteration has ever completed, session age 174s) but within cooldown, skipping restart
2026-09-02T14:24:06+00:00 - STALL DETECTED: API unreachable while tmux session is alive — restarting
2026-09-02T14:24:18+00:00 - Restart complete — trading NOT auto-resumed, needs an explicit Start
2026-09-02T14:26:06+00:00 - STALL DETECTED (API unreachable while tmux session is alive) but within cooldown, skipping restart
2026-09-02T14:27:02+00:00 - STALL DETECTED (status=trading but no iteration has ever completed, session age 174s) but within cooldown, skipping restart
2026-09-02T14:28:06+00:00 - STALL DETECTED: API unreachable while tmux session is alive — restarting
2026-09-02T14:28:19+00:00 - Restart complete — trading NOT auto-resumed, needs an explicit Start
2026-09-02T14:51:01+00:00 - STALL DETECTED: status=trading but no iteration has ever completed, session age 179s — restarting
2026-09-02T14:51:14+00:00 - Restart complete — trading NOT auto-resumed, needs an explicit Start
2026-09-02T15:03:01+00:00 - STALL DETECTED: status=trading but no iteration has ever completed, session age 718s — restarting
2026-09-02T15:03:10+00:00 - Restart complete — trading NOT auto-resumed, needs an explicit Start
2026-09-02T15:07:02+00:00 - STALL DETECTED: status=trading but no iteration has ever completed, session age 239s — restarting
2026-09-02T15:07:29+00:00 - Restart complete — trading NOT auto-resumed, needs an explicit Start
2026-09-02T15:09:06+00:00 - STALL DETECTED (API unreachable while tmux session is alive) but within cooldown, skipping restart
2026-09-02T15:10:01+00:00 - STALL DETECTED (API unreachable while tmux session is alive) but within cooldown, skipping restart
2026-09-02T15:13:06+00:00 - STALL DETECTED: API unreachable while tmux session is alive — restarting
2026-09-02T15:13:14+00:00 - Restart complete — trading NOT auto-resumed, needs an explicit Start
2026-09-02T15:16:06+00:00 - STALL DETECTED: API unreachable while tmux session is alive — restarting
2026-09-02T15:16:14+00:00 - Restart complete — trading NOT auto-resumed, needs an explicit Start
2026-09-02T15:19:02+00:00 - STALL DETECTED (status=trading but no iteration has ever completed, session age 174s) but within cooldown, skipping restart
2026-09-02T15:41:01+00:00 - STALL DETECTED: API unreachable while tmux session is alive — restarting
2026-09-02T15:41:14+00:00 - Restart complete — trading NOT auto-resumed, needs an explicit Start
2026-09-02T15:50:01+00:00 - STALL DETECTED: status=trading but no iteration has ever completed, session age 198s — restarting
2026-09-02T15:50:13+00:00 - Restart complete — trading NOT auto-resumed, needs an explicit Start
2026-09-02T15:54:01+00:00 - STALL DETECTED: status=trading but no iteration has ever completed, session age 238s — restarting
2026-09-02T15:54:10+00:00 - Restart complete — trading NOT auto-resumed, needs an explicit Start
2026-09-02T15:58:01+00:00 - STALL DETECTED: status=trading but no iteration has ever completed, session age 238s — restarting
2026-09-02T15:58:08+00:00 - Restart complete — trading NOT auto-resumed, needs an explicit Start
2026-09-02T16:20:04+00:00 - STALL DETECTED: status=trading but no iteration has ever completed, session age 168s — restarting
2026-09-02T16:20:12+00:00 - Restart complete — trading NOT auto-resumed, needs an explicit Start
2026-09-02T16:29:02+00:00 - STALL DETECTED: status=trading but no iteration has ever completed, session age 159s — restarting
2026-09-02T16:29:17+00:00 - Restart complete — trading NOT auto-resumed, needs an explicit Start
2026-09-02T17:01:21+00:00 - STALL DETECTED: API unreachable while tmux session is alive — restarting
2026-09-02T17:01:38+00:00 - Restart complete — trading NOT auto-resumed, needs an explicit Start
2026-09-02T21:35:01+00:00 - STALL DETECTED: API unreachable while tmux session is alive — restarting
2026-09-02T21:35:09+00:00 - Restart complete — trading NOT auto-resumed, needs an explicit Start
2026-09-02T23:45:21+00:00 - STALL DETECTED: API unreachable while tmux session is alive — restarting
2026-09-02T23:45:38+00:00 - Restart complete — trading NOT auto-resumed, needs an explicit Start
2026-09-02T23:46:01+00:00 - STALL DETECTED (API unreachable while tmux session is alive) but within cooldown, skipping restart
2026-09-03T04:19:21+00:00 - STALL DETECTED: API unreachable while tmux session is alive — restarting
2026-09-03T04:19:38+00:00 - Restart complete — trading NOT auto-resumed, needs an explicit Start
2026-09-03T04:20:01+00:00 - STALL DETECTED (API unreachable while tmux session is alive) but within cooldown, skipping restart
2026-09-03T04:21:21+00:00 - STALL DETECTED (API unreachable while tmux session is alive) but within cooldown, skipping restart
2026-09-03T05:39:53+00:00 - IB GATEWAY DOWN: session_exists=0 — restarting
2026-09-03T05:40:00+00:00 - IB Gateway restart complete (port 4002 up after 5s) — restarting bot_runner.py to reconnect
2026-09-03T05:40:07+00:00 - Restart complete — trading NOT auto-resumed, needs an explicit Start
2026-09-03T10:34:21+00:00 - STALL DETECTED: API unreachable while tmux session is alive — restarting
2026-09-03T10:34:27+00:00 - Restart complete — trading NOT auto-resumed, needs an explicit Start
2026-09-03T11:04:01+00:00 - STALL DETECTED: API unreachable while tmux session is alive — restarting
2026-09-03T11:04:18+00:00 - Restart complete — trading NOT auto-resumed, needs an explicit Start
2026-09-03T11:05:01+00:00 - STALL DETECTED (API unreachable while tmux session is alive) but within cooldown, skipping restart
2026-09-03T11:06:01+00:00 - STALL DETECTED (API unreachable while tmux session is alive) but within cooldown, skipping restart
2026-09-03T11:25:01+00:00 - STALL DETECTED: status=trading but no iteration has ever completed, session age 1134s — restarting
2026-09-03T11:25:08+00:00 - Restart complete — trading NOT auto-resumed, needs an explicit Start
2026-09-03T11:39:01+00:00 - STALL DETECTED: API unreachable while tmux session is alive — restarting
2026-09-03T11:39:09+00:00 - Restart complete — trading NOT auto-resumed, needs an explicit Start
2026-09-03T11:44:02+00:00 - STALL DETECTED: status=trading but no iteration has ever completed, session age 298s — restarting
2026-09-03T11:44:13+00:00 - Restart complete — trading NOT auto-resumed, needs an explicit Start
2026-09-03T23:45:01+00:00 - IB GATEWAY DOWN: session_exists=1 — restarting
2026-09-03T23:45:13+00:00 - IB Gateway restart complete (port 4002 up after 10s) — restarting bot_runner.py to reconnect
2026-09-03T23:45:22+00:00 - Restart complete — trading NOT auto-resumed, needs an explicit Start
2026-09-04T01:03:02+00:00 - STALL DETECTED: status=trading but no iteration has ever completed, trading started 189s ago — restarting
2026-09-04T01:03:09+00:00 - Restart complete — trading NOT auto-resumed, needs an explicit Start
2026-09-04T01:14:01+00:00 - STALL DETECTED: status=trading but no iteration has ever completed, trading started 202s ago — restarting
2026-09-04T01:14:08+00:00 - Restart complete — trading NOT auto-resumed, needs an explicit Start
2026-09-04T04:23:22+00:00 - STALL DETECTED: API unreachable while tmux session is alive — restarting
2026-09-04T04:23:39+00:00 - Restart complete — trading NOT auto-resumed, needs an explicit Start
2026-09-04T06:20:01+00:00 - STALL DETECTED: status=trading but no iteration has ever completed, trading started 202s ago — restarting
2026-09-04T06:20:10+00:00 - Restart complete — trading NOT auto-resumed, needs an explicit Start
2026-09-04T06:31:02+00:00 - STALL DETECTED: status=trading but no iteration has ever completed, trading started 190s ago — restarting
2026-09-04T06:31:09+00:00 - Restart complete — trading NOT auto-resumed, needs an explicit Start
2026-09-04T06:55:01+00:00 - STALL DETECTED: status=trading but no iteration has ever completed, trading started 182s ago — restarting
2026-09-04T06:55:08+00:00 - Restart complete — trading NOT auto-resumed, needs an explicit Start
2026-09-04T06:59:01+00:00 - STALL DETECTED: status=trading but no iteration has ever completed, trading started 163s ago — restarting
2026-09-04T06:59:09+00:00 - Restart complete — trading NOT auto-resumed, needs an explicit Start
2026-09-04T10:44:01+00:00 - STALL DETECTED: API unreachable while tmux session is alive — restarting
2026-09-04T10:44:08+00:00 - Restart complete — trading NOT auto-resumed, needs an explicit Start
2026-09-04T16:05:01+00:00 - STALL DETECTED: API unreachable while tmux session is alive — restarting
2026-09-04T16:05:09+00:00 - Restart complete — trading NOT auto-resumed, needs an explicit Start
2026-09-04T23:45:01+00:00 - IB GATEWAY DOWN: session_exists=1 — restarting
2026-09-04T23:45:13+00:00 - IB Gateway restart complete (port 4002 up after 10s) — restarting bot_runner.py to reconnect
2026-09-04T23:45:22+00:00 - Restart complete — trading NOT auto-resumed, needs an explicit Start
2026-09-05T03:31:01+00:00 - IB GATEWAY DOWN: session_exists=0 — restarting
2026-09-05T03:31:13+00:00 - IB Gateway restart complete (port 4002 up after 10s) — restarting bot_runner.py to reconnect
2026-09-05T03:31:30+00:00 - Restart complete — trading NOT auto-resumed, needs an explicit Start
2026-09-07T11:17:01+00:00 - IB GATEWAY DOWN: session_exists=0 — restarting
2026-09-07T11:17:13+00:00 - IB Gateway restart complete (port 4002 up after 10s) — restarting bot_runner.py to reconnect
2026-09-07T11:17:30+00:00 - Restart complete — trading NOT auto-resumed, needs an explicit Start
2026-09-07T11:27:02+00:00 - IB GATEWAY DOWN: session_exists=0 — restarting
2026-09-07T11:27:29+00:00 - IB Gateway restart complete (port 4002 up after 25s) — restarting bot_runner.py to reconnect
2026-09-07T11:27:47+00:00 - Restart complete — trading NOT auto-resumed, needs an explicit Start
2026-09-07T23:46:01+00:00 - IB GATEWAY DOWN: session_exists=0 — restarting
2026-09-07T23:46:08+00:00 - IB Gateway restart complete (port 4002 up after 5s) — restarting bot_runner.py to reconnect
2026-09-07T23:46:25+00:00 - Restart complete — trading NOT auto-resumed, needs an explicit Start
2026-09-08T14:05:01+00:00 - STALL DETECTED: API unreachable while tmux session is alive — restarting
2026-09-08T14:05:18+00:00 - Restart complete — trading NOT auto-resumed, needs an explicit Start
2026-09-08T14:06:01+00:00 - STALL DETECTED (API unreachable while tmux session is alive) but within cooldown, skipping restart
2026-09-08T14:10:01+00:00 - STALL DETECTED: status=trading but no iteration has ever completed, trading started 201s ago — restarting
2026-09-08T14:10:19+00:00 - Restart complete — trading NOT auto-resumed, needs an explicit Start
2026-09-08T14:43:02+00:00 - STALL DETECTED: API unreachable while tmux session is alive — restarting
2026-09-08T14:43:10+00:00 - Restart complete — trading NOT auto-resumed, needs an explicit Start
2026-09-08T15:19:01+00:00 - IB GATEWAY DOWN: session_exists=0 — restarting
2026-09-08T15:19:13+00:00 - IB Gateway restart complete (port 4002 up after 10s) — restarting bot_runner.py to reconnect
2026-09-08T15:19:31+00:00 - Restart complete — trading NOT auto-resumed, needs an explicit Start
2026-09-08T15:19:31+00:00 - STALL DETECTED: API unreachable while tmux session is alive — restarting
2026-09-08T15:19:39+00:00 - Restart complete — trading NOT auto-resumed, needs an explicit Start
2026-09-08T15:36:02+00:00 - IB GATEWAY DOWN: session_exists=0 — restarting
2026-09-08T15:36:14+00:00 - IB Gateway restart complete (port 4002 up after 10s) — restarting bot_runner.py to reconnect
2026-09-08T15:36:21+00:00 - Restart complete — trading NOT auto-resumed, needs an explicit Start
2026-09-08T15:58:01+00:00 - IB GATEWAY DOWN: session_exists=0 — restarting
2026-09-08T15:58:13+00:00 - IB Gateway restart complete (port 4002 up after 10s) — restarting bot_runner.py to reconnect
2026-09-08T15:58:22+00:00 - Restart complete — trading NOT auto-resumed, needs an explicit Start
2026-09-08T23:45:01+00:00 - IB GATEWAY DOWN: session_exists=1 — restarting
2026-09-08T23:45:13+00:00 - IB Gateway restart complete (port 4002 up after 10s) — restarting bot_runner.py to reconnect
2026-09-08T23:45:21+00:00 - Restart complete — trading NOT auto-resumed, needs an explicit Start
2026-09-09T14:54:01+00:00 - STALL DETECTED: API unreachable while tmux session is alive — restarting
2026-09-09T14:54:09+00:00 - Restart complete — trading NOT auto-resumed, needs an explicit Start
2026-09-09T23:45:01+00:00 - IB GATEWAY DOWN: session_exists=0 — restarting
2026-09-09T23:45:14+00:00 - IB Gateway restart complete (port 4002 up after 10s) — restarting bot_runner.py to reconnect
2026-09-09T23:45:22+00:00 - Restart complete — trading NOT auto-resumed, needs an explicit Start
2026-09-09T23:48:01+00:00 - STALL DETECTED: status=trading but no iteration has ever completed, trading started 161s ago — restarting
2026-09-09T23:48:08+00:00 - Restart complete — trading NOT auto-resumed, needs an explicit Start
2026-09-09T23:51:02+00:00 - STALL DETECTED: status=trading but no iteration has ever completed, trading started 175s ago — restarting
2026-09-09T23:51:09+00:00 - Restart complete — trading NOT auto-resumed, needs an explicit Start
2026-09-09T23:54:01+00:00 - STALL DETECTED (status=trading but no iteration has ever completed, trading started 173s ago) but within cooldown, skipping restart
2026-09-09T23:55:01+00:00 - STALL DETECTED: status=trading but no iteration has ever completed, trading started 233s ago — restarting
2026-09-09T23:55:09+00:00 - Restart complete — trading NOT auto-resumed, needs an explicit Start
2026-09-09T23:58:02+00:00 - STALL DETECTED: status=trading but no iteration has ever completed, trading started 174s ago — restarting
2026-09-09T23:58:10+00:00 - Restart complete — trading NOT auto-resumed, needs an explicit Start
2026-09-10T00:01:01+00:00 - STALL DETECTED (status=trading but no iteration has ever completed, trading started 173s ago) but within cooldown, skipping restart
2026-09-10T00:02:01+00:00 - STALL DETECTED: status=trading but no iteration has ever completed, trading started 233s ago — restarting
2026-09-10T00:02:08+00:00 - Restart complete — trading NOT auto-resumed, needs an explicit Start
2026-09-10T00:05:01+00:00 - STALL DETECTED: status=trading but no iteration has ever completed, trading started 173s ago — restarting
2026-09-10T00:05:09+00:00 - Restart complete — trading NOT auto-resumed, needs an explicit Start
2026-09-10T08:43:02+00:00 - STALL DETECTED: seconds_since_last_iteration=203.854643 exceeds 180s threshold — restarting
2026-09-10T08:43:09+00:00 - Restart complete — trading NOT auto-resumed, needs an explicit Start
2026-09-10T08:46:02+00:00 - STALL DETECTED: status=trading but no iteration has ever completed, trading started 174s ago — restarting
2026-09-10T08:46:13+00:00 - Restart complete — trading NOT auto-resumed, needs an explicit Start
2026-09-10T08:49:01+00:00 - STALL DETECTED (status=trading but no iteration has ever completed, trading started 172s ago) but within cooldown, skipping restart
2026-09-10T09:50:02+00:00 - STALL DETECTED: seconds_since_last_iteration=220.275264 exceeds 180s threshold — restarting
2026-09-10T09:50:09+00:00 - Restart complete — trading NOT auto-resumed, needs an explicit Start
2026-09-10T09:53:01+00:00 - STALL DETECTED (status=trading but no iteration has ever completed, trading started 173s ago) but within cooldown, skipping restart
2026-09-10T09:54:01+00:00 - STALL DETECTED: status=trading but no iteration has ever completed, trading started 233s ago — restarting
2026-09-10T09:54:09+00:00 - Restart complete — trading NOT auto-resumed, needs an explicit Start
2026-09-10T09:57:02+00:00 - STALL DETECTED: status=trading but no iteration has ever completed, trading started 174s ago — restarting
2026-09-10T09:57:10+00:00 - Restart complete — trading NOT auto-resumed, needs an explicit Start
2026-09-10T10:00:01+00:00 - STALL DETECTED (status=trading but no iteration has ever completed, trading started 173s ago) but within cooldown, skipping restart
2026-09-10T10:01:01+00:00 - STALL DETECTED: status=trading but no iteration has ever completed, trading started 233s ago — restarting
2026-09-10T10:01:08+00:00 - Restart complete — trading NOT auto-resumed, needs an explicit Start
2026-09-10T10:04:01+00:00 - STALL DETECTED: status=trading but no iteration has ever completed, trading started 174s ago — restarting
2026-09-10T10:04:08+00:00 - Restart complete — trading NOT auto-resumed, needs an explicit Start
2026-09-10T10:07:02+00:00 - STALL DETECTED: status=trading but no iteration has ever completed, trading started 174s ago — restarting
2026-09-10T10:07:09+00:00 - Restart complete — trading NOT auto-resumed, needs an explicit Start
2026-09-10T10:10:01+00:00 - STALL DETECTED (status=trading but no iteration has ever completed, trading started 173s ago) but within cooldown, skipping restart
2026-09-10T10:11:03+00:00 - STALL DETECTED: status=trading but no iteration has ever completed, trading started 235s ago — restarting
2026-09-10T10:11:20+00:00 - Restart complete — trading NOT auto-resumed, needs an explicit Start
2026-09-10T13:25:01+00:00 - STALL DETECTED: API unreachable while tmux session is alive — restarting
2026-09-10T13:25:09+00:00 - Restart complete — trading NOT auto-resumed, needs an explicit Start
2026-09-10T13:28:01+00:00 - STALL DETECTED: status=trading but no iteration has ever completed, trading started 174s ago — restarting
2026-09-10T13:28:09+00:00 - Restart complete — trading NOT auto-resumed, needs an explicit Start
2026-09-10T13:31:02+00:00 - STALL DETECTED: status=trading but no iteration has ever completed, trading started 174s ago — restarting
2026-09-10T13:31:10+00:00 - Restart complete — trading NOT auto-resumed, needs an explicit Start
2026-09-10T13:34:02+00:00 - STALL DETECTED: status=trading but no iteration has ever completed, trading started 173s ago — restarting
2026-09-10T13:34:10+00:00 - Restart complete — trading NOT auto-resumed, needs an explicit Start
2026-09-10T13:37:02+00:00 - STALL DETECTED: status=trading but no iteration has ever completed, trading started 174s ago — restarting
2026-09-10T13:37:10+00:00 - Restart complete — trading NOT auto-resumed, needs an explicit Start
2026-09-10T13:40:02+00:00 - STALL DETECTED: status=trading but no iteration has ever completed, trading started 174s ago — restarting
2026-09-10T13:40:09+00:00 - Restart complete — trading NOT auto-resumed, needs an explicit Start
2026-09-10T13:43:01+00:00 - STALL DETECTED (status=trading but no iteration has ever completed, trading started 173s ago) but within cooldown, skipping restart
2026-09-10T13:44:02+00:00 - STALL DETECTED: status=trading but no iteration has ever completed, trading started 234s ago — restarting
2026-09-10T13:44:09+00:00 - Restart complete — trading NOT auto-resumed, needs an explicit Start
2026-09-10T13:47:01+00:00 - STALL DETECTED (status=trading but no iteration has ever completed, trading started 173s ago) but within cooldown, skipping restart
2026-09-10T14:04:21+00:00 - STALL DETECTED: API unreachable while tmux session is alive — restarting
2026-09-10T14:04:38+00:00 - Restart complete — trading NOT auto-resumed, needs an explicit Start
2026-09-10T14:05:01+00:00 - STALL DETECTED (API unreachable while tmux session is alive) but within cooldown, skipping restart
2026-09-10T14:06:01+00:00 - STALL DETECTED (API unreachable while tmux session is alive) but within cooldown, skipping restart
2026-09-10T14:07:01+00:00 - STALL DETECTED (API unreachable while tmux session is alive) but within cooldown, skipping restart
2026-09-10T14:08:01+00:00 - STALL DETECTED: API unreachable while tmux session is alive — restarting
2026-09-10T14:08:18+00:00 - Restart complete — trading NOT auto-resumed, needs an explicit Start
2026-09-10T14:09:01+00:00 - STALL DETECTED (API unreachable while tmux session is alive) but within cooldown, skipping restart
2026-09-10T14:10:01+00:00 - STALL DETECTED (API unreachable while tmux session is alive) but within cooldown, skipping restart
2026-09-10T14:11:01+00:00 - STALL DETECTED: API unreachable while tmux session is alive — restarting
2026-09-10T14:11:18+00:00 - Restart complete — trading NOT auto-resumed, needs an explicit Start
2026-09-10T14:12:01+00:00 - STALL DETECTED (API unreachable while tmux session is alive) but within cooldown, skipping restart
2026-09-10T14:13:01+00:00 - STALL DETECTED (API unreachable while tmux session is alive) but within cooldown, skipping restart
2026-09-10T14:14:02+00:00 - STALL DETECTED: API unreachable while tmux session is alive — restarting
2026-09-10T14:14:19+00:00 - Restart complete — trading NOT auto-resumed, needs an explicit Start
2026-09-10T14:15:01+00:00 - STALL DETECTED (API unreachable while tmux session is alive) but within cooldown, skipping restart
2026-09-10T14:16:01+00:00 - STALL DETECTED (API unreachable while tmux session is alive) but within cooldown, skipping restart
2026-09-10T14:17:01+00:00 - STALL DETECTED (API unreachable while tmux session is alive) but within cooldown, skipping restart
2026-09-10T14:18:01+00:00 - STALL DETECTED: API unreachable while tmux session is alive — restarting
2026-09-10T14:18:18+00:00 - Restart complete — trading NOT auto-resumed, needs an explicit Start
2026-09-10T14:19:01+00:00 - STALL DETECTED (API unreachable while tmux session is alive) but within cooldown, skipping restart
2026-09-10T14:20:01+00:00 - STALL DETECTED (API unreachable while tmux session is alive) but within cooldown, skipping restart
2026-09-10T14:21:01+00:00 - STALL DETECTED: API unreachable while tmux session is alive — restarting
2026-09-10T14:21:18+00:00 - Restart complete — trading NOT auto-resumed, needs an explicit Start
2026-09-10T14:22:01+00:00 - STALL DETECTED (API unreachable while tmux session is alive) but within cooldown, skipping restart
2026-09-10T14:23:01+00:00 - STALL DETECTED (API unreachable while tmux session is alive) but within cooldown, skipping restart
2026-09-10T14:24:01+00:00 - STALL DETECTED: API unreachable while tmux session is alive — restarting
2026-09-10T14:24:18+00:00 - Restart complete — trading NOT auto-resumed, needs an explicit Start
2026-09-10T14:25:01+00:00 - STALL DETECTED (API unreachable while tmux session is alive) but within cooldown, skipping restart
2026-09-10T14:26:01+00:00 - STALL DETECTED (API unreachable while tmux session is alive) but within cooldown, skipping restart
2026-09-10T14:27:01+00:00 - STALL DETECTED: API unreachable while tmux session is alive — restarting
2026-09-10T14:27:19+00:00 - Restart complete — trading NOT auto-resumed, needs an explicit Start
2026-09-10T14:28:01+00:00 - STALL DETECTED (API unreachable while tmux session is alive) but within cooldown, skipping restart
2026-09-10T14:29:01+00:00 - STALL DETECTED (API unreachable while tmux session is alive) but within cooldown, skipping restart
2026-09-10T14:30:01+00:00 - STALL DETECTED: API unreachable while tmux session is alive — restarting
2026-09-10T14:30:18+00:00 - Restart complete — trading NOT auto-resumed, needs an explicit Start
2026-09-10T14:31:01+00:00 - STALL DETECTED (API unreachable while tmux session is alive) but within cooldown, skipping restart
2026-09-10T14:32:01+00:00 - STALL DETECTED (API unreachable while tmux session is alive) but within cooldown, skipping restart
2026-09-10T14:33:01+00:00 - STALL DETECTED: API unreachable while tmux session is alive — restarting
2026-09-10T14:33:18+00:00 - Restart complete — trading NOT auto-resumed, needs an explicit Start
2026-09-10T14:34:01+00:00 - STALL DETECTED (API unreachable while tmux session is alive) but within cooldown, skipping restart
2026-09-10T14:35:01+00:00 - STALL DETECTED (API unreachable while tmux session is alive) but within cooldown, skipping restart
2026-09-10T14:36:01+00:00 - STALL DETECTED: API unreachable while tmux session is alive — restarting
2026-09-10T14:36:18+00:00 - Restart complete — trading NOT auto-resumed, needs an explicit Start
2026-09-10T14:37:01+00:00 - STALL DETECTED (API unreachable while tmux session is alive) but within cooldown, skipping restart
2026-09-10T14:39:01+00:00 - STALL DETECTED: API unreachable while tmux session is alive — restarting
2026-09-10T14:39:18+00:00 - Restart complete — trading NOT auto-resumed, needs an explicit Start
2026-09-10T14:40:01+00:00 - STALL DETECTED (API unreachable while tmux session is alive) but within cooldown, skipping restart
2026-09-10T14:41:01+00:00 - STALL DETECTED (API unreachable while tmux session is alive) but within cooldown, skipping restart
2026-09-10T15:18:02+00:00 - STALL DETECTED: seconds_since_last_iteration=184.464807 exceeds 180s threshold — restarting
2026-09-10T15:18:10+00:00 - Restart complete — trading NOT auto-resumed, needs an explicit Start
2026-09-10T15:52:01+00:00 - STALL DETECTED: seconds_since_last_iteration=236.813562 exceeds 180s threshold — restarting
2026-09-10T15:52:09+00:00 - Restart complete — trading NOT auto-resumed, needs an explicit Start
2026-09-10T16:26:01+00:00 - STALL DETECTED: seconds_since_last_iteration=228.27109 exceeds 180s threshold — restarting
2026-09-10T16:26:09+00:00 - Restart complete — trading NOT auto-resumed, needs an explicit Start
2026-09-10T16:41:01+00:00 - STALL DETECTED: API unreachable while tmux session is alive — restarting
2026-09-10T16:41:08+00:00 - Restart complete — trading NOT auto-resumed, needs an explicit Start
2026-09-11T16:18:02+00:00 - STALL DETECTED: seconds_since_last_iteration=215.934062 exceeds 180s threshold — restarting
2026-09-11T16:18:09+00:00 - Restart complete — trading NOT auto-resumed, needs an explicit Start
2026-09-11T16:34:05+00:00 - STALL DETECTED: status=trading but no iteration has ever completed, trading started 957s ago — restarting
2026-09-11T16:34:12+00:00 - Restart complete — trading NOT auto-resumed, needs an explicit Start
2026-09-11T16:50:02+00:00 - STALL DETECTED: status=trading but no iteration has ever completed, trading started 951s ago — restarting
2026-09-11T16:50:09+00:00 - Restart complete — trading NOT auto-resumed, needs an explicit Start
2026-09-11T17:06:01+00:00 - STALL DETECTED: status=trading but no iteration has ever completed, trading started 953s ago — restarting
2026-09-11T17:06:11+00:00 - Restart complete — trading NOT auto-resumed, needs an explicit Start
2026-09-11T20:07:01+00:00 - STALL DETECTED: API unreachable while tmux session is alive — restarting
2026-09-11T20:07:09+00:00 - Restart complete — trading NOT auto-resumed, needs an explicit Start
